2025-07-20 19:07:27.246 [main] INFO  c.example.detector.ObstacleDetector - Heartbeat sent at 2025-07-20 19:07:27.243
2025-07-20 19:07:27.273 [main] INFO  c.example.detector.ObstacleDetector - ObstacleDetector stopped
2025-07-20 19:07:27.281 [main] INFO  c.example.detector.ObstacleDetector - Starting ObstacleDetector...
2025-07-20 19:07:27.281 [main] INFO  c.example.detector.ObstacleDetector - Heartbeat sent at 2025-07-20 19:07:27.281
2025-07-20 19:07:27.305 [main] INFO  c.example.detector.ObstacleDetector - Detected obstacle at 62.84 meters
2025-07-20 19:07:27.357 [main] INFO  c.example.detector.ObstacleDetector - Heartbeat sent at 2025-07-20 19:07:27.357
2025-07-20 19:07:27.382 [main] INFO  c.example.detector.ObstacleDetector - Detected obstacle at 16.85 meters
2025-07-20 19:07:27.438 [main] INFO  c.example.detector.ObstacleDetector - Heartbeat sent at 2025-07-20 19:07:27.437
2025-07-20 19:07:27.471 [main] INFO  c.example.detector.ObstacleDetector - Detected obstacle at 88.45 meters
2025-07-20 19:07:27.526 [main] INFO  c.example.detector.ObstacleDetector - Heartbeat sent at 2025-07-20 19:07:27.525
2025-07-20 19:07:27.546 [main] INFO  c.example.detector.ObstacleDetector - Detected obstacle at 86.35 meters
2025-07-20 19:07:27.598 [main] INFO  c.example.detector.ObstacleDetector - Heartbeat sent at 2025-07-20 19:07:27.597
2025-07-20 19:07:27.629 [main] INFO  c.example.detector.ObstacleDetector - Detected obstacle at 43.35 meters
2025-07-20 19:07:27.682 [main] INFO  c.example.detector.ObstacleDetector - Heartbeat sent at 2025-07-20 19:07:27.682
2025-07-20 19:07:27.708 [main] INFO  c.example.detector.ObstacleDetector - Detected obstacle at 69.12 meters
2025-07-20 19:07:27.763 [main] INFO  c.example.detector.ObstacleDetector - Heartbeat sent at 2025-07-20 19:07:27.763
2025-07-20 19:07:27.787 [main] INFO  c.example.detector.ObstacleDetector - Detected obstacle at 84.79 meters
2025-07-20 19:07:27.841 [main] INFO  c.example.detector.ObstacleDetector - Heartbeat sent at 2025-07-20 19:07:27.840
2025-07-20 19:07:27.855 [main] INFO  c.example.detector.ObstacleDetector - Detected obstacle at 75.57 meters
2025-07-20 19:07:27.909 [main] INFO  c.example.detector.ObstacleDetector - Heartbeat sent at 2025-07-20 19:07:27.908
2025-07-20 19:07:27.942 [main] INFO  c.example.detector.ObstacleDetector - Detected obstacle at 78.54 meters
2025-07-20 19:07:27.997 [main] INFO  c.example.detector.ObstacleDetector - Heartbeat sent at 2025-07-20 19:07:27.996
2025-07-20 19:07:28.025 [main] INFO  c.example.detector.ObstacleDetector - Detected obstacle at 81.17 meters
2025-07-20 19:07:28.078 [main] INFO  c.example.detector.ObstacleDetector - Heartbeat sent at 2025-07-20 19:07:28.078
2025-07-20 19:07:28.105 [main] INFO  c.example.detector.ObstacleDetector - Detected obstacle at 29.25 meters
2025-07-20 19:07:28.158 [main] INFO  c.example.detector.ObstacleDetector - Heartbeat sent at 2025-07-20 19:07:28.158
2025-07-20 19:07:28.176 [main] INFO  c.example.detector.ObstacleDetector - Detected obstacle at 73.70 meters
2025-07-20 19:07:28.232 [main] INFO  c.example.detector.ObstacleDetector - Heartbeat sent at 2025-07-20 19:07:28.232
2025-07-20 19:07:28.255 [main] INFO  c.example.detector.ObstacleDetector - Detected obstacle at 17.01 meters
2025-07-20 19:07:28.307 [main] INFO  c.example.detector.ObstacleDetector - Heartbeat sent at 2025-07-20 19:07:28.307
2025-07-20 19:07:28.330 [main] INFO  c.example.detector.ObstacleDetector - Detected obstacle at 84.41 meters
2025-07-20 19:07:28.434 [main] INFO  c.example.detector.ObstacleDetector - Heartbeat sent at 2025-07-20 19:07:28.433
2025-07-20 19:07:28.465 [main] INFO  c.example.detector.ObstacleDetector - Detected obstacle at 99.59 meters
2025-07-20 19:07:28.520 [main] INFO  c.example.detector.ObstacleDetector - Heartbeat sent at 2025-07-20 19:07:28.519
2025-07-20 19:07:28.537 [main] INFO  c.example.detector.ObstacleDetector - Detected obstacle at 37.03 meters
2025-07-20 19:07:28.590 [main] INFO  c.example.detector.ObstacleDetector - Heartbeat sent at 2025-07-20 19:07:28.590
2025-07-20 19:07:28.617 [main] INFO  c.example.detector.ObstacleDetector - Detected obstacle at 50.93 meters
2025-07-20 19:07:28.670 [main] INFO  c.example.detector.ObstacleDetector - Heartbeat sent at 2025-07-20 19:07:28.670
2025-07-20 19:07:28.688 [main] INFO  c.example.detector.ObstacleDetector - Detected obstacle at 12.94 meters
2025-07-20 19:07:28.743 [main] INFO  c.example.detector.ObstacleDetector - Heartbeat sent at 2025-07-20 19:07:28.742
2025-07-20 19:07:28.774 [main] INFO  c.example.detector.ObstacleDetector - Detected obstacle at 38.11 meters
2025-07-20 19:07:28.826 [main] INFO  c.example.detector.ObstacleDetector - Heartbeat sent at 2025-07-20 19:07:28.825
2025-07-20 19:07:28.857 [main] INFO  c.example.detector.ObstacleDetector - Detected obstacle at 33.33 meters
2025-07-20 19:07:28.910 [main] INFO  c.example.detector.ObstacleDetector - Heartbeat sent at 2025-07-20 19:07:28.909
2025-07-20 19:07:28.943 [main] INFO  c.example.detector.ObstacleDetector - Detected obstacle at 33.38 meters
2025-07-20 19:07:28.997 [main] INFO  c.example.detector.ObstacleDetector - Heartbeat sent at 2025-07-20 19:07:28.996
2025-07-20 19:07:29.024 [main] INFO  c.example.detector.ObstacleDetector - Detected obstacle at 85.55 meters
2025-07-20 19:07:29.078 [main] INFO  c.example.detector.ObstacleDetector - Heartbeat sent at 2025-07-20 19:07:29.077
2025-07-20 19:07:29.101 [main] INFO  c.example.detector.ObstacleDetector - Detected obstacle at 65.31 meters
2025-07-20 19:07:29.157 [main] INFO  c.example.detector.ObstacleDetector - Heartbeat sent at 2025-07-20 19:07:29.157
2025-07-20 19:07:29.189 [main] INFO  c.example.detector.ObstacleDetector - Detected obstacle at 3.00 meters
2025-07-20 19:07:29.245 [main] INFO  c.example.detector.ObstacleDetector - Heartbeat sent at 2025-07-20 19:07:29.244
2025-07-20 19:07:29.264 [main] INFO  c.example.detector.ObstacleDetector - Detected obstacle at 91.00 meters
2025-07-20 19:07:29.319 [main] INFO  c.example.detector.ObstacleDetector - Heartbeat sent at 2025-07-20 19:07:29.318
2025-07-20 19:07:29.335 [main] INFO  c.example.detector.ObstacleDetector - Detected obstacle at 71.84 meters
2025-07-20 19:07:29.390 [main] INFO  c.example.detector.ObstacleDetector - Heartbeat sent at 2025-07-20 19:07:29.390
2025-07-20 19:07:29.418 [main] INFO  c.example.detector.ObstacleDetector - Detected obstacle at 85.18 meters
2025-07-20 19:07:29.471 [main] INFO  c.example.detector.ObstacleDetector - Heartbeat sent at 2025-07-20 19:07:29.471
2025-07-20 19:07:29.493 [main] INFO  c.example.detector.ObstacleDetector - Detected obstacle at 16.63 meters
2025-07-20 19:07:29.548 [main] INFO  c.example.detector.ObstacleDetector - Heartbeat sent at 2025-07-20 19:07:29.547
2025-07-20 19:07:29.560 [main] INFO  c.example.detector.ObstacleDetector - Detected obstacle at 79.86 meters
2025-07-20 19:07:29.616 [main] INFO  c.example.detector.ObstacleDetector - Heartbeat sent at 2025-07-20 19:07:29.616
2025-07-20 19:07:29.641 [main] INFO  c.example.detector.ObstacleDetector - Detected obstacle at 92.22 meters
2025-07-20 19:07:29.693 [main] INFO  c.example.detector.ObstacleDetector - Heartbeat sent at 2025-07-20 19:07:29.692
2025-07-20 19:07:29.711 [main] INFO  c.example.detector.ObstacleDetector - Detected obstacle at 57.29 meters
2025-07-20 19:07:29.767 [main] INFO  c.example.detector.ObstacleDetector - Heartbeat sent at 2025-07-20 19:07:29.766
2025-07-20 19:07:29.788 [main] INFO  c.example.detector.ObstacleDetector - Detected obstacle at 48.14 meters
2025-07-20 19:07:29.843 [main] INFO  c.example.detector.ObstacleDetector - Heartbeat sent at 2025-07-20 19:07:29.842
2025-07-20 19:07:29.857 [main] INFO  c.example.detector.ObstacleDetector - Detected obstacle at 2.15 meters
2025-07-20 19:07:29.912 [main] INFO  c.example.detector.ObstacleDetector - Heartbeat sent at 2025-07-20 19:07:29.912
2025-07-20 19:07:29.940 [main] INFO  c.example.detector.ObstacleDetector - Detected obstacle at 36.74 meters
2025-07-20 19:07:29.995 [main] INFO  c.example.detector.ObstacleDetector - Heartbeat sent at 2025-07-20 19:07:29.995
2025-07-20 19:07:30.017 [main] INFO  c.example.detector.ObstacleDetector - Detected obstacle at 98.85 meters
2025-07-20 19:07:30.072 [main] INFO  c.example.detector.ObstacleDetector - Heartbeat sent at 2025-07-20 19:07:30.072
2025-07-20 19:07:30.093 [main] INFO  c.example.detector.ObstacleDetector - Detected obstacle at 95.92 meters
2025-07-20 19:07:30.144 [main] INFO  c.example.detector.ObstacleDetector - Heartbeat sent at 2025-07-20 19:07:30.144
2025-07-20 19:07:30.167 [main] INFO  c.example.detector.ObstacleDetector - Detected obstacle at 27.49 meters
2025-07-20 19:07:30.223 [main] INFO  c.example.detector.ObstacleDetector - Heartbeat sent at 2025-07-20 19:07:30.222
2025-07-20 19:07:30.236 [main] INFO  c.example.detector.ObstacleDetector - Detected obstacle at 74.10 meters
2025-07-20 19:07:30.290 [main] INFO  c.example.detector.ObstacleDetector - Heartbeat sent at 2025-07-20 19:07:30.289
2025-07-20 19:07:30.317 [main] INFO  c.example.detector.ObstacleDetector - Detected obstacle at 91.84 meters
2025-07-20 19:07:30.369 [main] INFO  c.example.detector.ObstacleDetector - Heartbeat sent at 2025-07-20 19:07:30.369
2025-07-20 19:07:30.390 [main] INFO  c.example.detector.ObstacleDetector - Detected obstacle at 17.48 meters
2025-07-20 19:07:30.442 [main] INFO  c.example.detector.ObstacleDetector - Heartbeat sent at 2025-07-20 19:07:30.441
2025-07-20 19:07:30.471 [main] INFO  c.example.detector.ObstacleDetector - Detected obstacle at 25.00 meters
2025-07-20 19:07:30.524 [main] INFO  c.example.detector.ObstacleDetector - Heartbeat sent at 2025-07-20 19:07:30.524
2025-07-20 19:07:30.536 [main] INFO  c.example.detector.ObstacleDetector - Detected obstacle at 50.77 meters
2025-07-20 19:07:30.590 [main] INFO  c.example.detector.ObstacleDetector - Heartbeat sent at 2025-07-20 19:07:30.590
2025-07-20 19:07:30.605 [main] INFO  c.example.detector.ObstacleDetector - Detected obstacle at 7.50 meters
2025-07-20 19:07:30.660 [main] INFO  c.example.detector.ObstacleDetector - Heartbeat sent at 2025-07-20 19:07:30.660
2025-07-20 19:07:30.686 [main] INFO  c.example.detector.ObstacleDetector - Detected obstacle at 44.54 meters
2025-07-20 19:07:30.741 [main] INFO  c.example.detector.ObstacleDetector - Heartbeat sent at 2025-07-20 19:07:30.740
2025-07-20 19:07:30.771 [main] INFO  c.example.detector.ObstacleDetector - Detected obstacle at 48.64 meters
2025-07-20 19:07:30.822 [main] INFO  c.example.detector.ObstacleDetector - Heartbeat sent at 2025-07-20 19:07:30.822
2025-07-20 19:07:30.835 [main] INFO  c.example.detector.ObstacleDetector - Detected obstacle at 84.18 meters
2025-07-20 19:07:30.888 [main] INFO  c.example.detector.ObstacleDetector - Heartbeat sent at 2025-07-20 19:07:30.888
2025-07-20 19:07:30.916 [main] INFO  c.example.detector.ObstacleDetector - Detected obstacle at 55.10 meters
2025-07-20 19:07:30.967 [main] INFO  c.example.detector.ObstacleDetector - Heartbeat sent at 2025-07-20 19:07:30.967
2025-07-20 19:07:30.992 [main] INFO  c.example.detector.ObstacleDetector - Detected obstacle at 69.08 meters
2025-07-20 19:07:31.047 [main] INFO  c.example.detector.ObstacleDetector - Heartbeat sent at 2025-07-20 19:07:31.047
2025-07-20 19:07:31.063 [main] INFO  c.example.detector.ObstacleDetector - Detected obstacle at 78.26 meters
2025-07-20 19:07:31.118 [main] INFO  c.example.detector.ObstacleDetector - Heartbeat sent at 2025-07-20 19:07:31.117
2025-07-20 19:07:31.134 [main] INFO  c.example.detector.ObstacleDetector - Detected obstacle at 26.30 meters
2025-07-20 19:07:31.189 [main] INFO  c.example.detector.ObstacleDetector - Heartbeat sent at 2025-07-20 19:07:31.188
2025-07-20 19:07:31.214 [main] INFO  c.example.detector.ObstacleDetector - Detected obstacle at 16.35 meters
2025-07-20 19:07:31.272 [main] INFO  c.example.detector.ObstacleDetector - Heartbeat sent at 2025-07-20 19:07:31.271
2025-07-20 19:07:31.286 [main] INFO  c.example.detector.ObstacleDetector - Detected obstacle at 84.53 meters
2025-07-20 19:07:31.342 [main] INFO  c.example.detector.ObstacleDetector - Heartbeat sent at 2025-07-20 19:07:31.342
2025-07-20 19:07:31.367 [main] INFO  c.example.detector.ObstacleDetector - Detected obstacle at 29.39 meters
2025-07-20 19:07:31.421 [main] INFO  c.example.detector.ObstacleDetector - Heartbeat sent at 2025-07-20 19:07:31.421
2025-07-20 19:07:31.453 [main] INFO  c.example.detector.ObstacleDetector - Detected obstacle at 35.50 meters
2025-07-20 19:07:31.507 [main] INFO  c.example.detector.ObstacleDetector - Heartbeat sent at 2025-07-20 19:07:31.507
2025-07-20 19:07:31.536 [main] INFO  c.example.detector.ObstacleDetector - Detected obstacle at 97.13 meters
2025-07-20 19:07:31.591 [main] INFO  c.example.detector.ObstacleDetector - Heartbeat sent at 2025-07-20 19:07:31.590
2025-07-20 19:07:31.616 [main] INFO  c.example.detector.ObstacleDetector - Detected obstacle at 68.17 meters
2025-07-20 19:07:31.670 [main] INFO  c.example.detector.ObstacleDetector - Heartbeat sent at 2025-07-20 19:07:31.669
2025-07-20 19:07:31.704 [main] INFO  c.example.detector.ObstacleDetector - Detected obstacle at 92.91 meters
2025-07-20 19:07:31.758 [main] INFO  c.example.detector.ObstacleDetector - Heartbeat sent at 2025-07-20 19:07:31.758
2025-07-20 19:07:31.795 [main] INFO  c.example.detector.ObstacleDetector - Detected obstacle at 64.23 meters
2025-07-20 19:07:31.849 [main] INFO  c.example.detector.ObstacleDetector - Heartbeat sent at 2025-07-20 19:07:31.849
2025-07-20 19:07:31.874 [main] INFO  c.example.detector.ObstacleDetector - Detected obstacle at 7.38 meters
2025-07-20 19:07:31.925 [main] INFO  c.example.detector.ObstacleDetector - Heartbeat sent at 2025-07-20 19:07:31.925
2025-07-20 19:07:31.953 [main] INFO  c.example.detector.ObstacleDetector - Detected obstacle at 67.61 meters
2025-07-20 19:07:32.007 [main] INFO  c.example.detector.ObstacleDetector - Heartbeat sent at 2025-07-20 19:07:32.007
2025-07-20 19:07:32.038 [main] INFO  c.example.detector.ObstacleDetector - Detected obstacle at 91.06 meters
2025-07-20 19:07:32.093 [main] INFO  c.example.detector.ObstacleDetector - Heartbeat sent at 2025-07-20 19:07:32.092
2025-07-20 19:07:32.123 [main] INFO  c.example.detector.ObstacleDetector - Detected obstacle at 56.43 meters
2025-07-20 19:07:32.176 [main] INFO  c.example.detector.ObstacleDetector - Heartbeat sent at 2025-07-20 19:07:32.175
2025-07-20 19:07:32.207 [main] INFO  c.example.detector.ObstacleDetector - Detected obstacle at 76.65 meters
2025-07-20 19:07:32.263 [main] INFO  c.example.detector.ObstacleDetector - Heartbeat sent at 2025-07-20 19:07:32.262
2025-07-20 19:07:32.293 [main] INFO  c.example.detector.ObstacleDetector - Detected obstacle at 94.41 meters
2025-07-20 19:07:32.346 [main] INFO  c.example.detector.ObstacleDetector - Heartbeat sent at 2025-07-20 19:07:32.346
2025-07-20 19:07:32.365 [main] INFO  c.example.detector.ObstacleDetector - Detected obstacle at 68.42 meters
2025-07-20 19:07:32.420 [main] INFO  c.example.detector.ObstacleDetector - Heartbeat sent at 2025-07-20 19:07:32.419
2025-07-20 19:07:32.451 [main] INFO  c.example.detector.ObstacleDetector - Detected obstacle at 66.89 meters
2025-07-20 19:07:32.503 [main] INFO  c.example.detector.ObstacleDetector - Heartbeat sent at 2025-07-20 19:07:32.502
2025-07-20 19:07:32.526 [main] INFO  c.example.detector.ObstacleDetector - Detected obstacle at 5.63 meters
2025-07-20 19:07:32.581 [main] INFO  c.example.detector.ObstacleDetector - Heartbeat sent at 2025-07-20 19:07:32.581
2025-07-20 19:07:32.607 [main] INFO  c.example.detector.ObstacleDetector - Detected obstacle at 46.81 meters
2025-07-20 19:07:32.658 [main] INFO  c.example.detector.ObstacleDetector - Heartbeat sent at 2025-07-20 19:07:32.658
2025-07-20 19:07:32.679 [main] INFO  c.example.detector.ObstacleDetector - Detected obstacle at 16.14 meters
2025-07-20 19:07:32.732 [main] INFO  c.example.detector.ObstacleDetector - Heartbeat sent at 2025-07-20 19:07:32.732
2025-07-20 19:07:32.761 [main] INFO  c.example.detector.ObstacleDetector - Detected obstacle at 28.99 meters
2025-07-20 19:07:32.816 [main] INFO  c.example.detector.ObstacleDetector - Heartbeat sent at 2025-07-20 19:07:32.815
2025-07-20 19:07:32.831 [main] INFO  c.example.detector.ObstacleDetector - Detected obstacle at 1.55 meters
2025-07-20 19:07:32.884 [main] INFO  c.example.detector.ObstacleDetector - Heartbeat sent at 2025-07-20 19:07:32.884
2025-07-20 19:08:45.166 [main] INFO  c.example.detector.ObstacleDetector - Heartbeat sent at 2025-07-20 19:08:45.163
2025-07-20 19:09:21.006 [main] INFO  c.example.detector.ObstacleDetector - Heartbeat sent at 2025-07-20 19:09:21.001
2025-07-20 19:10:21.214 [main] INFO  c.example.detector.ObstacleDetector - Heartbeat sent at 2025-07-20 19:10:21.212
2025-07-20 19:10:21.242 [main] INFO  c.example.detector.ObstacleDetector - ObstacleDetector stopped
2025-07-20 19:10:21.257 [main] INFO  c.example.detector.ObstacleDetector - Starting ObstacleDetector...
2025-07-20 19:10:21.258 [main] INFO  c.example.detector.ObstacleDetector - Heartbeat sent at 2025-07-20 19:10:21.258
2025-07-20 19:10:21.272 [main] INFO  c.example.detector.ObstacleDetector - Detected obstacle at 63.28 meters
2025-07-20 19:10:21.327 [main] INFO  c.example.detector.ObstacleDetector - Heartbeat sent at 2025-07-20 19:10:21.327
2025-07-20 19:10:21.340 [main] INFO  c.example.detector.ObstacleDetector - Detected obstacle at 69.05 meters
2025-07-20 19:10:21.392 [main] INFO  c.example.detector.ObstacleDetector - Heartbeat sent at 2025-07-20 19:10:21.391
2025-07-20 19:10:21.422 [main] INFO  c.example.detector.ObstacleDetector - Detected obstacle at 61.13 meters
2025-07-20 19:10:21.479 [main] INFO  c.example.detector.ObstacleDetector - Heartbeat sent at 2025-07-20 19:10:21.478
2025-07-20 19:10:21.506 [main] INFO  c.example.detector.ObstacleDetector - Detected obstacle at 61.29 meters
2025-07-20 19:10:21.562 [main] INFO  c.example.detector.ObstacleDetector - Heartbeat sent at 2025-07-20 19:10:21.562
2025-07-20 19:10:21.590 [main] INFO  c.example.detector.ObstacleDetector - Detected obstacle at 61.17 meters
2025-07-20 19:10:21.645 [main] INFO  c.example.detector.ObstacleDetector - Heartbeat sent at 2025-07-20 19:10:21.645
2025-07-20 19:10:21.657 [main] INFO  c.example.detector.ObstacleDetector - Detected obstacle at 4.20 meters
2025-07-20 19:10:21.713 [main] INFO  c.example.detector.ObstacleDetector - Heartbeat sent at 2025-07-20 19:10:21.712
2025-07-20 19:10:21.741 [main] INFO  c.example.detector.ObstacleDetector - Detected obstacle at 18.06 meters
2025-07-20 19:10:21.796 [main] INFO  c.example.detector.ObstacleDetector - Heartbeat sent at 2025-07-20 19:10:21.795
2025-07-20 19:10:21.822 [main] INFO  c.example.detector.ObstacleDetector - Detected obstacle at 83.35 meters
2025-07-20 19:10:21.877 [main] INFO  c.example.detector.ObstacleDetector - Heartbeat sent at 2025-07-20 19:10:21.876
2025-07-20 19:10:21.905 [main] INFO  c.example.detector.ObstacleDetector - Detected obstacle at 76.09 meters
2025-07-20 19:10:21.961 [main] INFO  c.example.detector.ObstacleDetector - Heartbeat sent at 2025-07-20 19:10:21.961
2025-07-20 19:10:21.981 [main] INFO  c.example.detector.ObstacleDetector - Detected obstacle at 27.40 meters
2025-07-20 19:10:22.035 [main] INFO  c.example.detector.ObstacleDetector - Heartbeat sent at 2025-07-20 19:10:22.035
2025-07-20 19:10:22.070 [main] INFO  c.example.detector.ObstacleDetector - Detected obstacle at 7.76 meters
2025-07-20 19:10:22.122 [main] INFO  c.example.detector.ObstacleDetector - Heartbeat sent at 2025-07-20 19:10:22.122
2025-07-20 19:10:22.152 [main] INFO  c.example.detector.ObstacleDetector - Detected obstacle at 93.53 meters
2025-07-20 19:10:22.205 [main] INFO  c.example.detector.ObstacleDetector - Heartbeat sent at 2025-07-20 19:10:22.204
2025-07-20 19:10:22.224 [main] INFO  c.example.detector.ObstacleDetector - Detected obstacle at 43.87 meters
2025-07-20 19:10:22.279 [main] INFO  c.example.detector.ObstacleDetector - Heartbeat sent at 2025-07-20 19:10:22.279
2025-07-20 19:10:22.301 [main] INFO  c.example.detector.ObstacleDetector - Detected obstacle at 69.63 meters
2025-07-20 19:10:22.357 [main] INFO  c.example.detector.ObstacleDetector - Heartbeat sent at 2025-07-20 19:10:22.356
2025-07-20 19:10:22.385 [main] INFO  c.example.detector.ObstacleDetector - Detected obstacle at 43.73 meters
2025-07-20 19:10:22.441 [main] INFO  c.example.detector.ObstacleDetector - Heartbeat sent at 2025-07-20 19:10:22.441
2025-07-20 19:10:22.472 [main] INFO  c.example.detector.ObstacleDetector - Detected obstacle at 14.67 meters
2025-07-20 19:10:22.528 [main] INFO  c.example.detector.ObstacleDetector - Heartbeat sent at 2025-07-20 19:10:22.527
2025-07-20 19:10:22.551 [main] INFO  c.example.detector.ObstacleDetector - Detected obstacle at 75.78 meters
2025-07-20 19:10:22.605 [main] INFO  c.example.detector.ObstacleDetector - Heartbeat sent at 2025-07-20 19:10:22.605
2025-07-20 19:10:22.618 [main] INFO  c.example.detector.ObstacleDetector - Detected obstacle at 68.24 meters
2025-07-20 19:10:22.672 [main] INFO  c.example.detector.ObstacleDetector - Heartbeat sent at 2025-07-20 19:10:22.671
2025-07-20 19:10:22.688 [main] INFO  c.example.detector.ObstacleDetector - Detected obstacle at 92.30 meters
2025-07-20 19:10:22.742 [main] INFO  c.example.detector.ObstacleDetector - Heartbeat sent at 2025-07-20 19:10:22.742
2025-07-20 19:10:22.766 [main] INFO  c.example.detector.ObstacleDetector - Detected obstacle at 93.28 meters
2025-07-20 19:10:22.823 [main] INFO  c.example.detector.ObstacleDetector - Heartbeat sent at 2025-07-20 19:10:22.822
2025-07-20 19:10:22.842 [main] INFO  c.example.detector.ObstacleDetector - Detected obstacle at 95.99 meters
2025-07-20 19:10:22.895 [main] INFO  c.example.detector.ObstacleDetector - Heartbeat sent at 2025-07-20 19:10:22.895
2025-07-20 19:10:22.922 [main] INFO  c.example.detector.ObstacleDetector - Detected obstacle at 71.05 meters
2025-07-20 19:10:22.976 [main] INFO  c.example.detector.ObstacleDetector - Heartbeat sent at 2025-07-20 19:10:22.976
2025-07-20 19:10:22.990 [main] INFO  c.example.detector.ObstacleDetector - Detected obstacle at 10.22 meters
2025-07-20 19:10:23.045 [main] INFO  c.example.detector.ObstacleDetector - Heartbeat sent at 2025-07-20 19:10:23.044
2025-07-20 19:10:23.069 [main] INFO  c.example.detector.ObstacleDetector - Detected obstacle at 83.31 meters
2025-07-20 19:10:23.125 [main] INFO  c.example.detector.ObstacleDetector - Heartbeat sent at 2025-07-20 19:10:23.124
2025-07-20 19:10:23.155 [main] INFO  c.example.detector.ObstacleDetector - Detected obstacle at 92.81 meters
2025-07-20 19:10:23.207 [main] INFO  c.example.detector.ObstacleDetector - Heartbeat sent at 2025-07-20 19:10:23.207
2025-07-20 19:10:23.226 [main] INFO  c.example.detector.ObstacleDetector - Detected obstacle at 93.38 meters
2025-07-20 19:10:23.281 [main] INFO  c.example.detector.ObstacleDetector - Heartbeat sent at 2025-07-20 19:10:23.280
2025-07-20 19:10:23.315 [main] INFO  c.example.detector.ObstacleDetector - Detected obstacle at 65.24 meters
2025-07-20 19:10:23.366 [main] INFO  c.example.detector.ObstacleDetector - Heartbeat sent at 2025-07-20 19:10:23.366
2025-07-20 19:10:23.392 [main] INFO  c.example.detector.ObstacleDetector - Detected obstacle at 38.61 meters
2025-07-20 19:10:23.447 [main] INFO  c.example.detector.ObstacleDetector - Heartbeat sent at 2025-07-20 19:10:23.446
2025-07-20 19:10:23.464 [main] INFO  c.example.detector.ObstacleDetector - Detected obstacle at 19.73 meters
2025-07-20 19:10:23.518 [main] INFO  c.example.detector.ObstacleDetector - Heartbeat sent at 2025-07-20 19:10:23.518
2025-07-20 19:10:23.537 [main] INFO  c.example.detector.ObstacleDetector - Detected obstacle at 7.79 meters
2025-07-20 19:10:23.590 [main] INFO  c.example.detector.ObstacleDetector - Heartbeat sent at 2025-07-20 19:10:23.589
2025-07-20 19:10:23.611 [main] INFO  c.example.detector.ObstacleDetector - Detected obstacle at 18.33 meters
2025-07-20 19:10:23.664 [main] INFO  c.example.detector.ObstacleDetector - Heartbeat sent at 2025-07-20 19:10:23.663
2025-07-20 19:10:23.689 [main] INFO  c.example.detector.ObstacleDetector - Detected obstacle at 87.86 meters
2025-07-20 19:10:23.742 [main] INFO  c.example.detector.ObstacleDetector - Heartbeat sent at 2025-07-20 19:10:23.740
2025-07-20 19:10:23.770 [main] INFO  c.example.detector.ObstacleDetector - Detected obstacle at 95.86 meters
2025-07-20 19:10:23.823 [main] INFO  c.example.detector.ObstacleDetector - Heartbeat sent at 2025-07-20 19:10:23.822
2025-07-20 19:10:23.834 [main] INFO  c.example.detector.ObstacleDetector - Detected obstacle at 51.20 meters
2025-07-20 19:10:23.889 [main] INFO  c.example.detector.ObstacleDetector - Heartbeat sent at 2025-07-20 19:10:23.889
2025-07-20 19:10:23.913 [main] INFO  c.example.detector.ObstacleDetector - Detected obstacle at 23.58 meters
2025-07-20 19:10:23.967 [main] INFO  c.example.detector.ObstacleDetector - Heartbeat sent at 2025-07-20 19:10:23.966
2025-07-20 19:10:23.981 [main] INFO  c.example.detector.ObstacleDetector - Detected obstacle at 98.48 meters
2025-07-20 19:10:24.032 [main] INFO  c.example.detector.ObstacleDetector - Heartbeat sent at 2025-07-20 19:10:24.031
2025-07-20 19:10:24.063 [main] INFO  c.example.detector.ObstacleDetector - Detected obstacle at 11.01 meters
2025-07-20 19:10:24.118 [main] INFO  c.example.detector.ObstacleDetector - Heartbeat sent at 2025-07-20 19:10:24.118
2025-07-20 19:10:24.147 [main] INFO  c.example.detector.ObstacleDetector - Detected obstacle at 89.11 meters
2025-07-20 19:10:24.201 [main] INFO  c.example.detector.ObstacleDetector - Heartbeat sent at 2025-07-20 19:10:24.201
2025-07-20 19:10:24.220 [main] INFO  c.example.detector.ObstacleDetector - Detected obstacle at 71.48 meters
2025-07-20 19:10:24.285 [main] INFO  c.example.detector.ObstacleDetector - Heartbeat sent at 2025-07-20 19:10:24.284
2025-07-20 19:10:24.308 [main] INFO  c.example.detector.ObstacleDetector - Detected obstacle at 94.56 meters
2025-07-20 19:10:24.361 [main] INFO  c.example.detector.ObstacleDetector - Heartbeat sent at 2025-07-20 19:10:24.360
2025-07-20 19:10:24.380 [main] INFO  c.example.detector.ObstacleDetector - Detected obstacle at 60.97 meters
2025-07-20 19:10:24.435 [main] INFO  c.example.detector.ObstacleDetector - Heartbeat sent at 2025-07-20 19:10:24.434
2025-07-20 19:10:24.465 [main] INFO  c.example.detector.ObstacleDetector - Detected obstacle at 74.75 meters
2025-07-20 19:10:24.518 [main] INFO  c.example.detector.ObstacleDetector - Heartbeat sent at 2025-07-20 19:10:24.518
2025-07-20 19:10:24.533 [main] INFO  c.example.detector.ObstacleDetector - Detected obstacle at 13.29 meters
2025-07-20 19:10:24.586 [main] INFO  c.example.detector.ObstacleDetector - Heartbeat sent at 2025-07-20 19:10:24.585
2025-07-20 19:10:24.618 [main] INFO  c.example.detector.ObstacleDetector - Detected obstacle at 24.18 meters
2025-07-20 19:10:24.669 [main] INFO  c.example.detector.ObstacleDetector - Heartbeat sent at 2025-07-20 19:10:24.669
2025-07-20 19:10:24.698 [main] INFO  c.example.detector.ObstacleDetector - Detected obstacle at 42.58 meters
2025-07-20 19:10:24.753 [main] INFO  c.example.detector.ObstacleDetector - Heartbeat sent at 2025-07-20 19:10:24.753
2025-07-20 19:10:24.782 [main] INFO  c.example.detector.ObstacleDetector - Detected obstacle at 18.37 meters
2025-07-20 19:10:24.836 [main] INFO  c.example.detector.ObstacleDetector - Heartbeat sent at 2025-07-20 19:10:24.835
2025-07-20 19:10:24.860 [main] INFO  c.example.detector.ObstacleDetector - Detected obstacle at 60.56 meters
2025-07-20 19:10:24.914 [main] INFO  c.example.detector.ObstacleDetector - Heartbeat sent at 2025-07-20 19:10:24.913
2025-07-20 19:10:24.944 [main] INFO  c.example.detector.ObstacleDetector - Detected obstacle at 17.28 meters
2025-07-20 19:10:24.999 [main] INFO  c.example.detector.ObstacleDetector - Heartbeat sent at 2025-07-20 19:10:24.998
2025-07-20 19:10:25.029 [main] INFO  c.example.detector.ObstacleDetector - Detected obstacle at 10.75 meters
2025-07-20 19:10:25.083 [main] INFO  c.example.detector.ObstacleDetector - Heartbeat sent at 2025-07-20 19:10:25.083
2025-07-20 19:10:25.094 [main] INFO  c.example.detector.ObstacleDetector - Detected obstacle at 93.13 meters
2025-07-20 19:10:25.148 [main] INFO  c.example.detector.ObstacleDetector - Heartbeat sent at 2025-07-20 19:10:25.148
2025-07-20 19:10:25.165 [main] INFO  c.example.detector.ObstacleDetector - Detected obstacle at 17.44 meters
2025-07-20 19:10:25.220 [main] INFO  c.example.detector.ObstacleDetector - Heartbeat sent at 2025-07-20 19:10:25.220
2025-07-20 19:10:25.250 [main] INFO  c.example.detector.ObstacleDetector - Detected obstacle at 32.12 meters
2025-07-20 19:10:25.302 [main] INFO  c.example.detector.ObstacleDetector - Heartbeat sent at 2025-07-20 19:10:25.301
2025-07-20 19:10:25.334 [main] INFO  c.example.detector.ObstacleDetector - Detected obstacle at 60.83 meters
2025-07-20 19:10:25.385 [main] INFO  c.example.detector.ObstacleDetector - Heartbeat sent at 2025-07-20 19:10:25.385
2025-07-20 19:10:25.400 [main] INFO  c.example.detector.ObstacleDetector - Detected obstacle at 1.65 meters
2025-07-20 19:10:25.451 [main] INFO  c.example.detector.ObstacleDetector - Heartbeat sent at 2025-07-20 19:10:25.451
2025-07-20 19:10:25.475 [main] INFO  c.example.detector.ObstacleDetector - Detected obstacle at 25.47 meters
2025-07-20 19:10:25.526 [main] INFO  c.example.detector.ObstacleDetector - Heartbeat sent at 2025-07-20 19:10:25.526
2025-07-20 19:10:25.540 [main] INFO  c.example.detector.ObstacleDetector - Detected obstacle at 69.18 meters
2025-07-20 19:10:25.592 [main] INFO  c.example.detector.ObstacleDetector - Heartbeat sent at 2025-07-20 19:10:25.592
2025-07-20 19:10:25.625 [main] INFO  c.example.detector.ObstacleDetector - Detected obstacle at 75.15 meters
2025-07-20 19:10:25.676 [main] INFO  c.example.detector.ObstacleDetector - Heartbeat sent at 2025-07-20 19:10:25.675
2025-07-20 19:10:25.706 [main] INFO  c.example.detector.ObstacleDetector - Detected obstacle at 43.33 meters
2025-07-20 19:10:25.759 [main] INFO  c.example.detector.ObstacleDetector - Heartbeat sent at 2025-07-20 19:10:25.758
2025-07-20 19:10:25.775 [main] INFO  c.example.detector.ObstacleDetector - Detected obstacle at 42.41 meters
2025-07-20 19:10:25.830 [main] INFO  c.example.detector.ObstacleDetector - Heartbeat sent at 2025-07-20 19:10:25.829
2025-07-20 19:10:25.848 [main] INFO  c.example.detector.ObstacleDetector - Detected obstacle at 64.04 meters
2025-07-20 19:10:25.899 [main] INFO  c.example.detector.ObstacleDetector - Heartbeat sent at 2025-07-20 19:10:25.899
2025-07-20 19:10:25.929 [main] INFO  c.example.detector.ObstacleDetector - Detected obstacle at 1.09 meters
2025-07-20 19:10:25.980 [main] INFO  c.example.detector.ObstacleDetector - Heartbeat sent at 2025-07-20 19:10:25.979
2025-07-20 19:10:25.999 [main] INFO  c.example.detector.ObstacleDetector - Detected obstacle at 19.07 meters
2025-07-20 19:10:26.051 [main] INFO  c.example.detector.ObstacleDetector - Heartbeat sent at 2025-07-20 19:10:26.051
2025-07-20 19:10:26.071 [main] INFO  c.example.detector.ObstacleDetector - Detected obstacle at 44.58 meters
2025-07-20 19:10:26.126 [main] INFO  c.example.detector.ObstacleDetector - Heartbeat sent at 2025-07-20 19:10:26.126
2025-07-20 19:10:26.157 [main] INFO  c.example.detector.ObstacleDetector - Detected obstacle at 72.96 meters
2025-07-20 19:10:26.210 [main] INFO  c.example.detector.ObstacleDetector - Heartbeat sent at 2025-07-20 19:10:26.209
2025-07-20 19:10:26.234 [main] INFO  c.example.detector.ObstacleDetector - Detected obstacle at 91.19 meters
2025-07-20 19:10:26.290 [main] INFO  c.example.detector.ObstacleDetector - Heartbeat sent at 2025-07-20 19:10:26.289
2025-07-20 19:10:26.321 [main] INFO  c.example.detector.ObstacleDetector - Detected obstacle at 79.04 meters
2025-07-20 19:10:26.374 [main] INFO  c.example.detector.ObstacleDetector - Heartbeat sent at 2025-07-20 19:10:26.374
2025-07-20 19:10:26.404 [main] INFO  c.example.detector.ObstacleDetector - Detected obstacle at 66.16 meters
2025-07-20 19:10:26.456 [main] INFO  c.example.detector.ObstacleDetector - Heartbeat sent at 2025-07-20 19:10:26.456
2025-07-20 19:10:26.480 [main] INFO  c.example.detector.ObstacleDetector - Detected obstacle at 80.37 meters
2025-07-20 19:10:26.535 [main] INFO  c.example.detector.ObstacleDetector - Heartbeat sent at 2025-07-20 19:10:26.535
2025-07-20 19:10:26.566 [main] INFO  c.example.detector.ObstacleDetector - Detected obstacle at 84.56 meters
2025-07-20 19:10:26.620 [main] INFO  c.example.detector.ObstacleDetector - Heartbeat sent at 2025-07-20 19:10:26.620
2025-07-20 19:10:26.641 [main] INFO  c.example.detector.ObstacleDetector - Detected obstacle at 44.25 meters
2025-07-20 19:10:26.696 [main] INFO  c.example.detector.ObstacleDetector - Heartbeat sent at 2025-07-20 19:10:26.695
2025-07-20 19:10:26.724 [main] INFO  c.example.detector.ObstacleDetector - Detected obstacle at 71.06 meters
2025-07-20 19:10:26.780 [main] INFO  c.example.detector.ObstacleDetector - Heartbeat sent at 2025-07-20 19:10:26.779
2025-07-20 19:10:26.794 [main] INFO  c.example.detector.ObstacleDetector - Detected obstacle at 20.01 meters
2025-07-20 19:10:26.848 [main] INFO  c.example.detector.ObstacleDetector - Heartbeat sent at 2025-07-20 19:10:26.848
2025-07-20 19:10:26.880 [main] INFO  c.example.detector.ObstacleDetector - Detected obstacle at 53.17 meters
2025-07-20 19:10:26.936 [main] INFO  c.example.detector.ObstacleDetector - Heartbeat sent at 2025-07-20 19:10:26.935
2025-07-20 19:10:26.965 [main] INFO  c.example.detector.ObstacleDetector - Detected obstacle at 66.22 meters
2025-07-20 19:10:27.017 [main] INFO  c.example.detector.ObstacleDetector - Heartbeat sent at 2025-07-20 19:10:27.017
2025-07-20 19:10:27.043 [main] INFO  c.example.detector.ObstacleDetector - Detected obstacle at 36.87 meters
2025-07-20 19:10:27.099 [main] INFO  c.example.detector.ObstacleDetector - Heartbeat sent at 2025-07-20 19:10:27.098
2025-07-20 19:10:27.115 [main] INFO  c.example.detector.ObstacleDetector - Detected obstacle at 74.96 meters
2025-07-20 19:10:27.170 [main] INFO  c.example.detector.ObstacleDetector - Heartbeat sent at 2025-07-20 19:10:27.169
2025-07-20 19:10:27.192 [main] INFO  c.example.detector.ObstacleDetector - Detected obstacle at 56.10 meters
2025-07-20 19:10:27.247 [main] INFO  c.example.detector.ObstacleDetector - Heartbeat sent at 2025-07-20 19:10:27.247
2025-07-20 19:10:27.268 [main] INFO  c.example.detector.ObstacleDetector - Detected obstacle at 36.55 meters
2025-07-20 19:10:27.325 [main] INFO  c.example.detector.ObstacleDetector - Heartbeat sent at 2025-07-20 19:10:27.324
2025-07-20 19:10:27.351 [main] INFO  c.example.detector.ObstacleDetector - Detected obstacle at 41.25 meters
2025-07-20 19:10:27.404 [main] INFO  c.example.detector.ObstacleDetector - Heartbeat sent at 2025-07-20 19:10:27.404
2025-07-20 19:10:27.418 [main] INFO  c.example.detector.ObstacleDetector - Detected obstacle at 74.29 meters
2025-07-20 19:10:27.470 [main] INFO  c.example.detector.ObstacleDetector - Heartbeat sent at 2025-07-20 19:10:27.469
2025-07-20 19:10:27.488 [main] INFO  c.example.detector.ObstacleDetector - Detected obstacle at 18.91 meters
2025-07-20 19:10:27.543 [main] INFO  c.example.detector.ObstacleDetector - Heartbeat sent at 2025-07-20 19:10:27.543
2025-07-20 19:10:27.569 [main] INFO  c.example.detector.ObstacleDetector - Detected obstacle at 63.81 meters
2025-07-20 19:10:27.625 [main] INFO  c.example.detector.ObstacleDetector - Heartbeat sent at 2025-07-20 19:10:27.624
2025-07-20 19:10:27.652 [main] INFO  c.example.detector.ObstacleDetector - Detected obstacle at 19.40 meters
2025-07-20 19:10:27.706 [main] INFO  c.example.detector.ObstacleDetector - Heartbeat sent at 2025-07-20 19:10:27.706
2025-07-20 19:10:27.718 [main] INFO  c.example.detector.ObstacleDetector - Detected obstacle at 43.29 meters
2025-07-20 19:10:27.773 [main] INFO  c.example.detector.ObstacleDetector - Heartbeat sent at 2025-07-20 19:10:27.773
2025-07-20 19:10:27.785 [main] INFO  c.example.detector.ObstacleDetector - Detected obstacle at 60.77 meters
2025-07-20 19:10:27.837 [main] INFO  c.example.detector.ObstacleDetector - Heartbeat sent at 2025-07-20 19:10:27.837
2025-07-20 19:10:27.868 [main] INFO  c.example.detector.ObstacleDetector - Detected obstacle at 6.63 meters
2025-07-20 19:10:27.922 [main] INFO  c.example.detector.ObstacleDetector - Heartbeat sent at 2025-07-20 19:10:27.922
2025-07-20 19:10:27.949 [main] INFO  c.example.detector.ObstacleDetector - Detected obstacle at 19.80 meters
2025-07-20 19:10:28.001 [main] INFO  c.example.detector.ObstacleDetector - Heartbeat sent at 2025-07-20 19:10:28.000
2025-07-20 19:10:28.025 [main] INFO  c.example.detector.ObstacleDetector - Detected obstacle at 77.20 meters
2025-07-20 19:10:28.080 [main] INFO  c.example.detector.ObstacleDetector - Heartbeat sent at 2025-07-20 19:10:28.080
2025-07-20 19:10:28.101 [main] INFO  c.example.detector.ObstacleDetector - Detected obstacle at 76.26 meters
2025-07-20 19:10:28.156 [main] INFO  c.example.detector.ObstacleDetector - Heartbeat sent at 2025-07-20 19:10:28.156
2025-07-20 19:10:28.171 [main] INFO  c.example.detector.ObstacleDetector - Detected obstacle at 95.74 meters
2025-07-20 19:10:28.225 [main] INFO  c.example.detector.ObstacleDetector - Heartbeat sent at 2025-07-20 19:10:28.224
2025-07-20 19:10:28.258 [main] INFO  c.example.detector.ObstacleDetector - Detected obstacle at 77.17 meters
2025-07-20 19:10:28.313 [main] INFO  c.example.detector.ObstacleDetector - Heartbeat sent at 2025-07-20 19:10:28.312
2025-07-20 19:10:28.336 [main] INFO  c.example.detector.ObstacleDetector - Detected obstacle at 60.46 meters
2025-07-20 19:10:28.392 [main] INFO  c.example.detector.ObstacleDetector - Heartbeat sent at 2025-07-20 19:10:28.391
2025-07-20 19:10:28.424 [main] INFO  c.example.detector.ObstacleDetector - Detected obstacle at 98.96 meters
2025-07-20 19:10:28.480 [main] INFO  c.example.detector.ObstacleDetector - Heartbeat sent at 2025-07-20 19:10:28.479
2025-07-20 19:10:28.501 [main] INFO  c.example.detector.ObstacleDetector - Detected obstacle at 41.19 meters
2025-07-20 19:10:28.555 [main] INFO  c.example.detector.ObstacleDetector - Heartbeat sent at 2025-07-20 19:10:28.554
2025-07-20 19:10:28.586 [main] INFO  c.example.detector.ObstacleDetector - Detected obstacle at 9.94 meters
2025-07-20 19:10:28.641 [main] INFO  c.example.detector.ObstacleDetector - Heartbeat sent at 2025-07-20 19:10:28.640
2025-07-20 19:10:28.662 [main] INFO  c.example.detector.ObstacleDetector - Detected obstacle at 89.17 meters
2025-07-20 19:10:28.716 [main] INFO  c.example.detector.ObstacleDetector - Heartbeat sent at 2025-07-20 19:10:28.715
2025-07-20 19:10:28.749 [main] INFO  c.example.detector.ObstacleDetector - Detected obstacle at 55.98 meters
2025-07-20 19:10:28.800 [main] INFO  c.example.detector.ObstacleDetector - Heartbeat sent at 2025-07-20 19:10:28.800
2025-07-20 19:10:28.827 [main] INFO  c.example.detector.ObstacleDetector - Detected obstacle at 9.52 meters
2025-07-20 19:10:28.882 [main] INFO  c.example.detector.ObstacleDetector - Heartbeat sent at 2025-07-20 19:10:28.881
2025-07-20 19:10:28.897 [main] INFO  c.example.detector.ObstacleDetector - Detected obstacle at 35.77 meters
2025-07-20 19:10:28.952 [main] INFO  c.example.detector.ObstacleDetector - Heartbeat sent at 2025-07-20 19:10:28.951
2025-07-20 19:10:28.965 [main] INFO  c.example.detector.ObstacleDetector - Detected obstacle at 22.15 meters
2025-07-20 19:10:29.020 [main] INFO  c.example.detector.ObstacleDetector - Heartbeat sent at 2025-07-20 19:10:29.020
2025-07-20 19:10:29.049 [main] INFO  c.example.detector.ObstacleDetector - Detected obstacle at 35.41 meters
2025-07-20 19:10:29.104 [main] INFO  c.example.detector.ObstacleDetector - Heartbeat sent at 2025-07-20 19:10:29.103
2025-07-20 19:10:29.121 [main] INFO  c.example.detector.ObstacleDetector - Detected obstacle at 46.21 meters
2025-07-20 19:10:29.175 [main] INFO  c.example.detector.ObstacleDetector - Heartbeat sent at 2025-07-20 19:10:29.175
2025-07-20 19:10:29.189 [main] INFO  c.example.detector.ObstacleDetector - Detected obstacle at 37.71 meters
2025-07-20 19:10:29.242 [main] INFO  c.example.detector.ObstacleDetector - Heartbeat sent at 2025-07-20 19:10:29.241
2025-07-20 19:10:29.254 [main] INFO  c.example.detector.ObstacleDetector - Detected obstacle at 49.12 meters
2025-07-20 19:10:29.307 [main] INFO  c.example.detector.ObstacleDetector - Heartbeat sent at 2025-07-20 19:10:29.307
2025-07-20 19:10:29.325 [main] INFO  c.example.detector.ObstacleDetector - Detected obstacle at 88.20 meters
2025-07-20 19:10:29.379 [main] INFO  c.example.detector.ObstacleDetector - Heartbeat sent at 2025-07-20 19:10:29.379
2025-07-20 19:10:29.404 [main] INFO  c.example.detector.ObstacleDetector - Detected obstacle at 72.80 meters
2025-07-20 19:10:29.458 [main] INFO  c.example.detector.ObstacleDetector - Heartbeat sent at 2025-07-20 19:10:29.458
2025-07-20 19:10:29.476 [main] INFO  c.example.detector.ObstacleDetector - Detected obstacle at 8.53 meters
2025-07-20 19:10:29.531 [main] INFO  c.example.detector.ObstacleDetector - Heartbeat sent at 2025-07-20 19:10:29.530
2025-07-20 19:10:29.558 [main] INFO  c.example.detector.ObstacleDetector - Detected obstacle at 42.14 meters
2025-07-20 19:10:29.614 [main] INFO  c.example.detector.ObstacleDetector - Heartbeat sent at 2025-07-20 19:10:29.614
2025-07-20 19:10:29.632 [main] INFO  c.example.detector.ObstacleDetector - Detected obstacle at 47.85 meters
2025-07-20 19:10:29.683 [main] INFO  c.example.detector.ObstacleDetector - Heartbeat sent at 2025-07-20 19:10:29.683
2025-07-20 19:10:29.702 [main] INFO  c.example.detector.ObstacleDetector - Detected obstacle at 19.87 meters
2025-07-20 19:10:29.753 [main] INFO  c.example.detector.ObstacleDetector - Heartbeat sent at 2025-07-20 19:10:29.752
2025-07-20 19:10:29.785 [main] INFO  c.example.detector.ObstacleDetector - Detected obstacle at 48.20 meters
2025-07-20 19:10:29.837 [main] INFO  c.example.detector.ObstacleDetector - Heartbeat sent at 2025-07-20 19:10:29.836
2025-07-20 19:10:29.854 [main] INFO  c.example.detector.ObstacleDetector - Detected obstacle at 24.21 meters
2025-07-20 19:10:29.909 [main] INFO  c.example.detector.ObstacleDetector - Heartbeat sent at 2025-07-20 19:10:29.908
2025-07-20 19:10:29.921 [main] INFO  c.example.detector.ObstacleDetector - Detected obstacle at 9.53 meters
2025-07-20 19:10:29.975 [main] INFO  c.example.detector.ObstacleDetector - Heartbeat sent at 2025-07-20 19:10:29.975
2025-07-20 19:10:30.001 [main] INFO  c.example.detector.ObstacleDetector - Detected obstacle at 83.75 meters
2025-07-20 19:10:30.053 [main] INFO  c.example.detector.ObstacleDetector - Heartbeat sent at 2025-07-20 19:10:30.053
2025-07-20 19:10:30.079 [main] INFO  c.example.detector.ObstacleDetector - Detected obstacle at 10.72 meters
2025-07-20 19:10:30.132 [main] INFO  c.example.detector.ObstacleDetector - Heartbeat sent at 2025-07-20 19:10:30.132
2025-07-20 19:10:30.153 [main] INFO  c.example.detector.ObstacleDetector - Detected obstacle at 46.20 meters
2025-07-20 19:10:30.207 [main] INFO  c.example.detector.ObstacleDetector - Heartbeat sent at 2025-07-20 19:10:30.207
2025-07-20 19:10:30.233 [main] INFO  c.example.detector.ObstacleDetector - Detected obstacle at 7.96 meters
2025-07-20 19:10:30.287 [main] INFO  c.example.detector.ObstacleDetector - Heartbeat sent at 2025-07-20 19:10:30.286
2025-07-20 19:10:30.314 [main] INFO  c.example.detector.ObstacleDetector - Detected obstacle at 36.04 meters
2025-07-20 19:10:30.366 [main] INFO  c.example.detector.ObstacleDetector - Heartbeat sent at 2025-07-20 19:10:30.366
2025-07-20 19:10:30.399 [main] INFO  c.example.detector.ObstacleDetector - Detected obstacle at 88.97 meters
2025-07-20 19:10:30.453 [main] INFO  c.example.detector.ObstacleDetector - Heartbeat sent at 2025-07-20 19:10:30.452
2025-07-20 19:10:30.482 [main] INFO  c.example.detector.ObstacleDetector - Detected obstacle at 88.82 meters
2025-07-20 19:10:30.533 [main] INFO  c.example.detector.ObstacleDetector - Heartbeat sent at 2025-07-20 19:10:30.533
2025-07-20 19:10:30.544 [main] INFO  c.example.detector.ObstacleDetector - Detected obstacle at 15.33 meters
2025-07-20 19:10:30.599 [main] INFO  c.example.detector.ObstacleDetector - Heartbeat sent at 2025-07-20 19:10:30.598
2025-07-20 19:10:30.614 [main] INFO  c.example.detector.ObstacleDetector - Detected obstacle at 53.99 meters
2025-07-20 19:10:30.666 [main] INFO  c.example.detector.ObstacleDetector - Heartbeat sent at 2025-07-20 19:10:30.666
2025-07-20 19:10:30.692 [main] INFO  c.example.detector.ObstacleDetector - Detected obstacle at 55.52 meters
2025-07-20 19:10:30.744 [main] INFO  c.example.detector.ObstacleDetector - Heartbeat sent at 2025-07-20 19:10:30.743
2025-07-20 19:10:30.759 [main] INFO  c.example.detector.ObstacleDetector - Detected obstacle at 59.20 meters
2025-07-20 19:10:30.815 [main] INFO  c.example.detector.ObstacleDetector - Heartbeat sent at 2025-07-20 19:10:30.814
2025-07-20 19:10:30.848 [main] INFO  c.example.detector.ObstacleDetector - Detected obstacle at 45.31 meters
2025-07-20 19:10:30.905 [main] INFO  c.example.detector.ObstacleDetector - Heartbeat sent at 2025-07-20 19:10:30.904
2025-07-20 19:10:30.935 [main] INFO  c.example.detector.ObstacleDetector - Detected obstacle at 53.61 meters
2025-07-20 19:10:30.986 [main] INFO  c.example.detector.ObstacleDetector - Heartbeat sent at 2025-07-20 19:10:30.986
2025-07-20 19:10:31.016 [main] INFO  c.example.detector.ObstacleDetector - Detected obstacle at 42.83 meters
2025-07-20 19:10:31.068 [main] INFO  c.example.detector.ObstacleDetector - Heartbeat sent at 2025-07-20 19:10:31.068
2025-07-20 19:10:31.099 [main] INFO  c.example.detector.ObstacleDetector - Detected obstacle at 16.77 meters
2025-07-20 19:10:31.155 [main] INFO  c.example.detector.ObstacleDetector - Heartbeat sent at 2025-07-20 19:10:31.154
2025-07-20 19:10:31.183 [main] INFO  c.example.detector.ObstacleDetector - Detected obstacle at 85.59 meters
2025-07-20 19:10:31.234 [main] INFO  c.example.detector.ObstacleDetector - Heartbeat sent at 2025-07-20 19:10:31.234
2025-07-20 19:10:31.266 [main] INFO  c.example.detector.ObstacleDetector - Detected obstacle at 54.33 meters
2025-07-20 19:10:31.320 [main] INFO  c.example.detector.ObstacleDetector - Heartbeat sent at 2025-07-20 19:10:31.320
2025-07-20 19:10:31.343 [main] INFO  c.example.detector.ObstacleDetector - Detected obstacle at 23.07 meters
2025-07-20 19:10:31.397 [main] INFO  c.example.detector.ObstacleDetector - Heartbeat sent at 2025-07-20 19:10:31.397
2025-07-20 19:10:31.429 [main] INFO  c.example.detector.ObstacleDetector - Detected obstacle at 60.97 meters
2025-07-20 19:10:31.483 [main] INFO  c.example.detector.ObstacleDetector - Heartbeat sent at 2025-07-20 19:10:31.482
2025-07-20 19:10:31.500 [main] INFO  c.example.detector.ObstacleDetector - Detected obstacle at 88.40 meters
2025-07-20 19:10:31.552 [main] INFO  c.example.detector.ObstacleDetector - Heartbeat sent at 2025-07-20 19:10:31.552
2025-07-20 19:10:31.583 [main] INFO  c.example.detector.ObstacleDetector - Detected obstacle at 97.20 meters
2025-07-20 19:10:31.637 [main] INFO  c.example.detector.ObstacleDetector - Heartbeat sent at 2025-07-20 19:10:31.637
2025-07-20 19:10:31.658 [main] INFO  c.example.detector.ObstacleDetector - Detected obstacle at 55.83 meters
2025-07-20 19:10:31.713 [main] INFO  c.example.detector.ObstacleDetector - Heartbeat sent at 2025-07-20 19:10:31.713
2025-07-20 19:10:31.739 [main] INFO  c.example.detector.ObstacleDetector - Detected obstacle at 33.31 meters
2025-07-20 19:10:31.793 [main] INFO  c.example.detector.ObstacleDetector - Heartbeat sent at 2025-07-20 19:10:31.793
2025-07-20 19:10:31.813 [main] INFO  c.example.detector.ObstacleDetector - Detected obstacle at 7.60 meters
2025-07-20 19:10:31.867 [main] INFO  c.example.detector.ObstacleDetector - Heartbeat sent at 2025-07-20 19:10:31.867
2025-07-20 19:10:31.893 [main] INFO  c.example.detector.ObstacleDetector - Detected obstacle at 98.12 meters
2025-07-20 19:10:31.948 [main] INFO  c.example.detector.ObstacleDetector - Heartbeat sent at 2025-07-20 19:10:31.947
2025-07-20 19:10:31.966 [main] INFO  c.example.detector.ObstacleDetector - Detected obstacle at 33.23 meters
2025-07-20 19:10:32.017 [main] INFO  c.example.detector.ObstacleDetector - Heartbeat sent at 2025-07-20 19:10:32.016
2025-07-20 19:10:32.030 [main] INFO  c.example.detector.ObstacleDetector - Detected obstacle at 86.48 meters
2025-07-20 19:10:32.083 [main] INFO  c.example.detector.ObstacleDetector - Heartbeat sent at 2025-07-20 19:10:32.082
2025-07-20 19:10:32.111 [main] INFO  c.example.detector.ObstacleDetector - Detected obstacle at 40.52 meters
2025-07-20 19:10:32.166 [main] INFO  c.example.detector.ObstacleDetector - Heartbeat sent at 2025-07-20 19:10:32.165
2025-07-20 19:10:32.179 [main] INFO  c.example.detector.ObstacleDetector - Detected obstacle at 92.42 meters
2025-07-20 19:10:32.232 [main] INFO  c.example.detector.ObstacleDetector - Heartbeat sent at 2025-07-20 19:10:32.232
2025-07-20 19:10:32.249 [main] INFO  c.example.detector.ObstacleDetector - Detected obstacle at 65.25 meters
2025-07-20 19:10:32.300 [main] INFO  c.example.detector.ObstacleDetector - Heartbeat sent at 2025-07-20 19:10:32.300
2025-07-20 19:10:32.314 [main] INFO  c.example.detector.ObstacleDetector - Detected obstacle at 99.44 meters
2025-07-20 19:10:32.314 [main] WARN  c.example.detector.ObstacleDetector - Simulating a crash...
2025-07-20 19:11:43.650 [main] INFO  c.example.detector.ObstacleDetector - Heartbeat sent at 2025-07-20 19:11:43.648
2025-07-20 19:12:55.799 [main] INFO  c.example.detector.ObstacleDetector - Heartbeat sent at 2025-07-20 19:12:24.759
2025-07-20 19:13:39.585 [main] INFO  c.example.detector.ObstacleDetector - Heartbeat sent at 2025-07-20 19:13:39.583
2025-07-20 19:26:03.621 [main] INFO  com.example.process.ProcessManager - Started worker process: java -jar app.jar
2025-07-20 19:26:03.625 [main] INFO  com.example.process.ProcessManager - Terminating existing worker process...
2025-07-20 19:26:03.656 [main] INFO  com.example.process.ProcessManager - Started worker process: java -jar app.jar
2025-07-20 19:26:03.745 [main] INFO  com.example.process.ProcessManager - Started worker process: java -jar app.jar
2025-07-20 19:27:34.355 [main] INFO  com.example.process.ProcessManager - Started worker process: java -jar app.jar
2025-07-20 19:27:34.357 [main] INFO  com.example.process.ProcessManager - Terminating existing worker process...
2025-07-20 19:27:34.361 [main] INFO  com.example.process.ProcessManager - Started worker process: java -jar app.jar
2025-07-20 19:27:34.418 [main] INFO  com.example.process.ProcessManager - Started worker process: java -jar app.jar
2025-07-20 19:28:09.568 [main] INFO  com.example.process.ProcessManager - Started worker process: java -jar app.jar
2025-07-20 19:28:09.570 [main] INFO  com.example.process.ProcessManager - Terminating existing worker process...
2025-07-20 19:28:09.574 [main] INFO  com.example.process.ProcessManager - Started worker process: java -jar app.jar
